C:\Program Files\Microsoft Visual Studio\18\Community\MSBuild\Microsoft\VC\v170\Microsoft.CppBuild.targets(523,5): warning MSB8004: Intermediate Directory does not end with a trailing slash.  This build instance will add the slash as it is required to allow proper evaluation of the Intermediate Directory.
  Assembling src\memory\luck.asm...
  imgui.cpp
  imgui_demo.cpp
  imgui_draw.cpp
  imgui_impl_dx11.cpp
  imgui_impl_win32.cpp
  imgui_tables.cpp
  imgui_widgets.cpp
  cache.cpp
  esp.cpp
C:\Users\Elliot Alderson\Downloads\asdqweewq\saviour\saviour\saviour\src\sdk\sdk.h(41,9): warning C4099: 'rbx::instance_t': type name first seen using 'class' now seen using 'struct'
  (compiling source file 'src/cache/cache.cpp')
      C:\Users\Elliot Alderson\Downloads\asdqweewq\saviour\saviour\saviour\src\sdk\sdk.h(41,9):
      see declaration of 'rbx::instance_t'
  
C:\Users\Elliot Alderson\Downloads\asdqweewq\saviour\saviour\saviour\src\sdk\sdk.h(53,9): warning C4099: 'rbx::model_instance_t': type name first seen using 'class' now seen using 'struct'
  (compiling source file 'src/cache/cache.cpp')
      C:\Users\Elliot Alderson\Downloads\asdqweewq\saviour\saviour\saviour\src\sdk\sdk.h(53,9):
      see declaration of 'rbx::model_instance_t'
  
C:\Users\Elliot Alderson\Downloads\asdqweewq\saviour\saviour\saviour\src\sdk\sdk.h(72,9): warning C4099: 'rbx::primitive_t': type name first seen using 'class' now seen using 'struct'
  (compiling source file 'src/cache/cache.cpp')
      C:\Users\Elliot Alderson\Downloads\asdqweewq\saviour\saviour\saviour\src\sdk\sdk.h(72,9):
      see declaration of 'rbx::primitive_t'
  
C:\Users\Elliot Alderson\Downloads\asdqweewq\saviour\saviour\saviour\src\keybind\keybind.h(182,17): warning C4091: 'static ': ignored on left of 'keybind::c_keybind_type' when no variable is declared
  (compiling source file 'src/features/esp/esp.cpp')
  
C:\Users\Elliot Alderson\Downloads\asdqweewq\saviour\saviour\saviour\src\sdk\sdk.h(41,9): warning C4099: 'rbx::instance_t': type name first seen using 'class' now seen using 'struct'
  (compiling source file 'src/features/esp/esp.cpp')
      C:\Users\Elliot Alderson\Downloads\asdqweewq\saviour\saviour\saviour\src\sdk\sdk.h(41,9):
      see declaration of 'rbx::instance_t'
  
C:\Users\Elliot Alderson\Downloads\asdqweewq\saviour\saviour\saviour\src\sdk\sdk.h(53,9): warning C4099: 'rbx::model_instance_t': type name first seen using 'class' now seen using 'struct'
  (compiling source file 'src/features/esp/esp.cpp')
      C:\Users\Elliot Alderson\Downloads\asdqweewq\saviour\saviour\saviour\src\sdk\sdk.h(53,9):
      see declaration of 'rbx::model_instance_t'
  
C:\Users\Elliot Alderson\Downloads\asdqweewq\saviour\saviour\saviour\src\sdk\sdk.h(72,9): warning C4099: 'rbx::primitive_t': type name first seen using 'class' now seen using 'struct'
  (compiling source file 'src/features/esp/esp.cpp')
      C:\Users\Elliot Alderson\Downloads\asdqweewq\saviour\saviour\saviour\src\sdk\sdk.h(72,9):
      see declaration of 'rbx::primitive_t'
  
  silent.cpp
C:\Users\Elliot Alderson\Downloads\asdqweewq\saviour\saviour\saviour\src\sdk\sdk.h(41,9): warning C4099: 'rbx::instance_t': type name first seen using 'class' now seen using 'struct'
  (compiling source file 'src/features/silent/silent.cpp')
      C:\Users\Elliot Alderson\Downloads\asdqweewq\saviour\saviour\saviour\src\sdk\sdk.h(41,9):
      see declaration of 'rbx::instance_t'
  
C:\Users\Elliot Alderson\Downloads\asdqweewq\saviour\saviour\saviour\src\sdk\sdk.h(53,9): warning C4099: 'rbx::model_instance_t': type name first seen using 'class' now seen using 'struct'
  (compiling source file 'src/features/silent/silent.cpp')
      C:\Users\Elliot Alderson\Downloads\asdqweewq\saviour\saviour\saviour\src\sdk\sdk.h(53,9):
      see declaration of 'rbx::model_instance_t'
  
C:\Users\Elliot Alderson\Downloads\asdqweewq\saviour\saviour\saviour\src\sdk\sdk.h(72,9): warning C4099: 'rbx::primitive_t': type name first seen using 'class' now seen using 'struct'
  (compiling source file 'src/features/silent/silent.cpp')
      C:\Users\Elliot Alderson\Downloads\asdqweewq\saviour\saviour\saviour\src\sdk\sdk.h(72,9):
      see declaration of 'rbx::primitive_t'
  
C:\Users\Elliot Alderson\Downloads\asdqweewq\saviour\saviour\saviour\src\keybind\keybind.h(182,17): warning C4091: 'static ': ignored on left of 'keybind::c_keybind_type' when no variable is declared
  (compiling source file 'src/features/silent/silent.cpp')
  
  keybind.cpp
C:\Users\Elliot Alderson\Downloads\asdqweewq\saviour\saviour\saviour\src\keybind\keybind.h(182,17): warning C4091: 'static ': ignored on left of 'keybind::c_keybind_type' when no variable is declared
  (compiling source file 'src/keybind/keybind.cpp')
  
  main.cpp
C:\Users\Elliot Alderson\Downloads\asdqweewq\saviour\saviour\saviour\src\sdk\sdk.h(41,9): warning C4099: 'rbx::instance_t': type name first seen using 'class' now seen using 'struct'
  (compiling source file 'src/main.cpp')
      C:\Users\Elliot Alderson\Downloads\asdqweewq\saviour\saviour\saviour\src\sdk\sdk.h(41,9):
      see declaration of 'rbx::instance_t'
  
C:\Users\Elliot Alderson\Downloads\asdqweewq\saviour\saviour\saviour\src\sdk\sdk.h(53,9): warning C4099: 'rbx::model_instance_t': type name first seen using 'class' now seen using 'struct'
  (compiling source file 'src/main.cpp')
      C:\Users\Elliot Alderson\Downloads\asdqweewq\saviour\saviour\saviour\src\sdk\sdk.h(53,9):
      see declaration of 'rbx::model_instance_t'
  
C:\Users\Elliot Alderson\Downloads\asdqweewq\saviour\saviour\saviour\src\sdk\sdk.h(72,9): warning C4099: 'rbx::primitive_t': type name first seen using 'class' now seen using 'struct'
  (compiling source file 'src/main.cpp')
      C:\Users\Elliot Alderson\Downloads\asdqweewq\saviour\saviour\saviour\src\sdk\sdk.h(72,9):
      see declaration of 'rbx::primitive_t'
  
  memory.cpp
C:\Users\Elliot Alderson\Downloads\asdqweewq\saviour\saviour\saviour\src\memory\memory.cpp(23,18): warning C4244: '=': conversion from 'uint64_t' to 'uint32_t', possible loss of data
C:\Users\Elliot Alderson\Downloads\asdqweewq\saviour\saviour\saviour\src\memory\memory.cpp(10,10): warning C4244: 'return': conversion from 'uint64_t' to 'uint32_t', possible loss of data
C:\Users\Elliot Alderson\Downloads\asdqweewq\saviour\saviour\saviour\src\memory\memory.cpp(30,9): warning C4244: 'return': conversion from 'uint64_t' to 'uint32_t', possible loss of data
C:\Users\Elliot Alderson\Downloads\asdqweewq\saviour\saviour\saviour\src\memory\memory.cpp(95,108): warning C4267: 'argument': conversion from 'size_t' to 'ULONG', possible loss of data
  render.cpp
C:\Users\Elliot Alderson\Downloads\asdqweewq\saviour\saviour\saviour\src\keybind\keybind.h(182,17): warning C4091: 'static ': ignored on left of 'keybind::c_keybind_type' when no variable is declared
  (compiling source file 'src/render/render.cpp')
  
  sdk.cpp
C:\Users\Elliot Alderson\Downloads\asdqweewq\saviour\saviour\saviour\src\sdk\sdk.h(41,9): warning C4099: 'rbx::instance_t': type name first seen using 'class' now seen using 'struct'
  (compiling source file 'src/sdk/sdk.cpp')
      C:\Users\Elliot Alderson\Downloads\asdqweewq\saviour\saviour\saviour\src\sdk\sdk.h(41,9):
      see declaration of 'rbx::instance_t'
  
C:\Users\Elliot Alderson\Downloads\asdqweewq\saviour\saviour\saviour\src\sdk\sdk.h(53,9): warning C4099: 'rbx::model_instance_t': type name first seen using 'class' now seen using 'struct'
  (compiling source file 'src/sdk/sdk.cpp')
      C:\Users\Elliot Alderson\Downloads\asdqweewq\saviour\saviour\saviour\src\sdk\sdk.h(53,9):
      see declaration of 'rbx::model_instance_t'
  
C:\Users\Elliot Alderson\Downloads\asdqweewq\saviour\saviour\saviour\src\sdk\sdk.h(72,9): warning C4099: 'rbx::primitive_t': type name first seen using 'class' now seen using 'struct'
  (compiling source file 'src/sdk/sdk.cpp')
      C:\Users\Elliot Alderson\Downloads\asdqweewq\saviour\saviour\saviour\src\sdk\sdk.h(72,9):
      see declaration of 'rbx::primitive_t'
  
  Generating code
  Previous IPDB not found, fall back to full compilation.
  All 2929 functions were compiled because no usable IPDB/IOBJ from previous compilation was found.
  Finished generating code
  saviour.vcxproj -> C:\Users\Elliot Alderson\Downloads\asdqweewq\saviour\saviour\build\saviour.exe
  'pwsh.exe' is not recognized as an internal or external command,
  operable program or batch file.
